Run "Print \"***** world!!\"" on "With secrets".steps[0]
-----START COMMAND-----
echo ***** world!!
-----END COMMAND-----
-----START STDOUT-----
***** world!!

-----END STDOUT-----
-----START STDERR-----

-----END STDERR-----

Run "Print \"***** world!!\" again" on "With secrets".steps[1]
-----START COMMAND-----
cat
-----END COMMAND-----
-----START STDIN-----
***** world!!

-----END STDIN-----
-----START STDOUT-----
***** world!!

-----END STDOUT-----
-----START STDERR-----

-----END STDERR-----

Run "Check result of previous command contains \"*****\"" on "With secrets".steps[2]
Run "test" on "With secrets".steps[2]

Run "Check result of previous command contains \"world\"" on "With secrets".steps[3]
Run "test" on "With secrets".steps[3]
